
> deepak-portfolio@0.2.0 build
> next build

  Γû▓ Next.js 14.2.5

   Creating an optimized production build ...
 Γ£ô Compiled successfully
   Linting and checking validity of types ...
   Collecting page data ...
   Generating static pages (0/23) ...
   Generating static pages (5/23) 
   Generating static pages (11/23) 
   Generating static pages (17/23) 
 Γ£ô Generating static pages (23/23)
   Finalizing page optimization ...
   Collecting build traces ...

Route (app)                              Size     First Load JS
Γöî Γùï /                                    23.6 kB         176 kB
Γö£ Γùï /_not-found                          137 B          87.5 kB
Γö£ Γùï /about                               310 B           172 kB
Γö£ ΓùÅ /achievements/[id]                   310 B           172 kB
Γö£   Γö£ /achievements/hackathon-2024
Γö£   Γöö /achievements/techfest-2023
Γö£ Γùï /appdev                              310 B           172 kB
Γö£ Γùï /booking                             3.87 kB         106 kB
Γö£ Γùï /certificates                        6.8 kB          109 kB
Γö£ Γùï /contact                             7.04 kB         109 kB
Γö£ Γùï /figma                               8.54 kB         104 kB
Γö£ Γùï /photo                               7.63 kB         110 kB
Γö£ ΓùÅ /photo/[id]                          11.7 kB         192 kB
Γö£   Γö£ /photo/event-poster
Γö£   Γö£ /photo/photo-retouch
Γö£   Γö£ /photo/social-banner
Γö£   Γöö /photo/before-after
Γö£ Γùï /projects                            6.36 kB         109 kB
Γö£ Γùï /video                               8.3 kB          111 kB
Γö£ ΓùÅ /video/[id]                          7.15 kB         187 kB
Γö£   Γö£ /video/event-highlights
Γö£   Γö£ /video/social-media
Γö£   Γöö /video/college-fest
Γöö Γùï /webdev                              14 kB           166 kB
+ First Load JS shared by all            87.3 kB
  Γö£ chunks/23-f8036c3ed0943bb4.js        31.6 kB
  Γö£ chunks/fd9d1056-bfef0e7ed05febac.js  53.6 kB
  Γöö other shared chunks (total)          2.08 kB


Γùï  (Static)  prerendered as static content
ΓùÅ  (SSG)     prerendered as static HTML (uses getStaticProps)

